// Jest Snapshot v1, https://goo.gl/fbAQLP

exports[`App: renders components without errors 1`] = `ShallowWrapper {}`;

exports[`App: snapshot renders 1`] = `
<div>
  <nav
    aria-label="Local"
    className="js touch css-sticky ac-ln-sticking"
    dir="ltr"
    id="ac-localnav"
    lang="en-US"
    role="navigation"
  >
    <div
      className="ac-ln-wrapper"
    >
      <div
        className="ac-ln-background"
      />
      <div
        className="ac-ln-content"
      >
        <div
          className="ac-ln-title"
        >
          <a
            className="border-radius-50"
            href="/nambk"
          >
            <img
              alt="logo"
              src="logo.png"
            />
          </a>
        </div>
        <div
          className="ac-ln-menu"
        >
          <a
            className="ac-ln-menucta-anchor ac-ln-menucta-anchor-open"
            href="/nambk"
            id="ac-ln-menustate-open"
          >
            <span
              className="ac-ln-menucta-anchor-label"
            >
              Local Nav Open Menu
            </span>
          </a>
          <a
            className="ac-ln-menucta-anchor ac-ln-menucta-anchor-close"
            href="/nambk"
            id="ac-ln-menustate-close"
          >
            <span
              className="ac-ln-menucta-anchor-label"
            >
              Local Nav Close Menu
            </span>
          </a>
          <div
            className="ac-ln-menu-tray"
          >
            <ul
              className="ac-ln-menu-items"
            >
              <li
                className="ac-ln-menu-item"
              >
                <span
                  aria-current="page"
                  aria-disabled="true"
                  className="ac-ln-menu-link current"
                  role="link"
                >
                  Home
                </span>
              </li>
              <li
                className="ac-ln-menu-item"
              >
                <a
                  className="ac-ln-menu-link"
                  href="/nambk"
                >
                  Design
                </a>
              </li>
              <li
                className="ac-ln-menu-item"
              >
                <a
                  className="ac-ln-menu-link"
                  href="/nambk"
                >
                  Products
                </a>
              </li>
            </ul>
          </div>
          <div
            className="ac-ln-actions"
          >
            <div
              aria-hidden="true"
              className="ac-ln-action ac-ln-action-menucta"
            >
              <label
                className="ac-ln-menucta"
                htmlFor="ac-ln-menustate"
              >
                <span
                  className="ac-ln-menucta-chevron"
                />
              </label>
            </div>
            <div
              className="ac-ln-action ac-ln-action-button"
            >
              <a
                className="ac-ln-button mr-3"
                href="/nambk"
              >
                Login 
              </a>
              <button
                className="btn btn-sm btn-icon btn-soft-light"
                id="btnDarkMode"
                onClick={[Function]}
              >
                  
                <i
                  className="fa fa-moon-o"
                />
              </button>
            </div>
          </div>
        </div>
      </div>
    </div>
  </nav>
  <div
    className="container-fluid text-center"
  >
    <form
      className="container-fluid nambk-container-input text-center"
      id="frmFindHighestPrime"
      onSubmit={[Function]}
    >
      <h2
        className="nambk-header"
      >
        Highest Prime
      </h2>
      <div
        className="nambk-header-desc"
      >
        lower than Input Number
      </div>
      <div>
        <input
          className="nambk-input"
          id="inputNumber"
          name="inputNumber"
          onChange={[Function]}
          placeholder="Enter a number"
          style={
            Object {
              "width": "50%",
            }
          }
          type="number"
          value=""
        />
        <input
          className="nambk-btn nambk-btn-primary"
          id="btnFindHighestPrime"
          type="submit"
          value="Go"
        />
      </div>
      <div
        className="mt-3"
        id="result"
        readOnly={true}
        style={
          Object {
            "minHeight": "2rem",
          }
        }
      >
        
      </div>
    </form>
    <form
      className="container-fluid nambk-container-input"
      id="frmFindPrimes"
      onSubmit={[Function]}
    >
      <h2
        className="nambk-header"
      >
        Prime Numbers
      </h2>
      <div
        className="nambk-header-desc"
      >
        Between Two Numbers
      </div>
      <div>
        <input
          className="nambk-input"
          id="inputFirstNum"
          max="9999999"
          min="1"
          name="inputFirstNum"
          onChange={[Function]}
          placeholder="Enter a number"
          style={
            Object {
              "width": "33%",
            }
          }
          type="number"
          value={1}
        />
        <input
          className="nambk-input"
          id="inputLastNum"
          max="9999999"
          min="1"
          name="inputLastNum"
          onChange={[Function]}
          placeholder="Enter a number"
          style={
            Object {
              "width": "33%",
            }
          }
          type="number"
          value={1000}
        />
        <input
          className="nambk-btn nambk-btn-primary"
          id="btnFindPrimes"
          type="submit"
          value="Go"
        />
      </div>
      <div
        className="mt-3"
        id="result"
        style={
          Object {
            "minHeight": "4rem",
          }
        }
      >
        Primes
      </div>
    </form>
  </div>
  <footer
    className="gradient-half-primary-body-v1 py-4"
    style={
      Object {
        "height": "calc(100% - 60px)",
      }
    }
  >
    <div
      className="container"
    >
      <div
        className="row justify-content-md-between font-size-1 py-3"
        style={
          Object {
            "backgroundImage": "url(world-map-white.png)",
            "backgroundPositionX": "0px",
            "backgroundPositionY": "30%",
            "backgroundRepeat": "no-repeat",
          }
        }
      >
        <div
          className="col-lg-3 mb-4 mb-lg-0"
        >
          <div
            className="d-flex h-100 flex-column"
          >
            <div
              className="d-flex align-items-center mb-4"
            >
              <img
                alt="Landing Page Logo"
                src="snapseed256.png"
                width="32"
              />
              <span
                className="h5 mb-0 ml-3"
              >
                Powered by Nambk
              </span>
            </div>
            <p
              className="font-size-0-75"
            >
              A brand new journey to the beautiful angles of this world. Neque porro quisquam est qui dolorem ipsum quia dolor sit amet, consectetur, adipisci velit...
            </p>
            <div
              className="d-flex align-items-center"
            >
              <a
                className="btn btn-xss btn-soft-light mr-2"
                href="/settings"
              >
                <i
                  className="fa fa-cogs mr-1"
                />
                Preferences
              </a>
              <button
                className="btn btn-sm btn-icon btn-soft-light"
                data-original-title=""
                data-title="Day/Night Mode"
                data-toggle="tooltip"
                id="btnDarkMode"
                title=""
              >
                <i
                  className="fa fa-moon-o"
                />
              </button>
            </div>
          </div>
        </div>
      </div>
    </div>
  </footer>
</div>
`;
